---
source: e2e/tests/golden-tests.rs
expression: query_result
---
                     get_or_create_metric_table_name                      
--------------------------------------------------------------------------
 (1,cpu_usage,t)
 (2,"aMultiCase""fun""Metric!",t)
 (3,"aVeryLongMultiCaseMetricWhich""might""BeTruncatedIfIt'sTOOOOOO_3",t)
(3 rows)

                                               runtests                                               
------------------------------------------------------------------------------------------------------
     # Subtest: public.test_create_ingest_temp_table()
     ok 1 - table prom_data.cpu_usage exists
     ok 2 - temp table name is well-formed
     ok 3 - temp table exe_cpu_usage exists
     ok 4 - table prom_data."aMultiCase""fun""Metric!" exists
     ok 5 - temp table name is well-formed
     ok 6 - temp table "eXe_aMultiCase""fun""Metric!" exists
     ok 7 - table prom_data."aVeryLongMultiCaseMetricWhich""might""BeTruncatedIfIt'sTOOOOOO_3" exists
     ok 8 - temp table name is well-formed
     ok 9 - temp table "ThisIsLong_aVeryLongMultiCaseMetricWhich""might""BeTruncatedIfIt" exists
     1..9
 ok 1 - public.test_create_ingest_temp_table
 1..1
(13 rows)


