---
source: sql-tests/tests/tests.rs
expression: query_result
---
 plan 
------
 1..1
(1 row)

 get_or_create_metric_table_name 
---------------------------------
 (1,cpu_usage,t)
(1 row)

                            throws_ok                            
-----------------------------------------------------------------
 ok 1 - threw Unable to find labels for label ids: {123,234,345}
(1 row)

 finish 
--------
(0 rows)


